// Vitest Snapshot v1, https://vitest.dev/guide/snapshot.html

exports[`Text > calculates bounding box correctly 1`] = `
{
  "height": 47.5,
  "width": 108.4000015258789,
}
`;

exports[`Text > calculates bounding box of multiline text correctly 1`] = `
{
  "height": 105.578125,
  "width": 127.02999877929688,
}
`;
