// Vitest Snapshot v1, https://vitest.dev/guide/snapshot.html

exports[`Text > calculates bounding box correctly 1`] = `
{
  "height": 48.5,
  "width": 108.37999725341797,
}
`;

exports[`Text > calculates bounding box of multiline text correctly 1`] = `
{
  "height": 106.578125,
  "width": 127.01000213623047,
}
`;
